[preview.colorlib.com/theme/buildream/index.html]
[backblue.gif]
[fade.gif]
[index.html]
[stackpath.bootstrapcdn.com/font-awesome/4.7.0/css/font-awesome.min.css]
[cdnjs.cloudflare.com/ajax/libs/ionicons/4.5.6/css/ionicons.min.css]
[preview.colorlib.com/theme/buildream/css/animate.css]
[preview.colorlib.com/theme/buildream/css/flaticon.css]
[preview.colorlib.com/theme/buildream/css/tiny-slider.css]
[preview.colorlib.com/theme/buildream/css/glightbox.min.css]
[preview.colorlib.com/theme/buildream/css/aos.css]
[preview.colorlib.com/theme/buildream/css/style.css]
[preview.colorlib.com/theme/buildream/about.html]
[preview.colorlib.com/theme/buildream/services.html]
[preview.colorlib.com/theme/buildream/project.html]
[preview.colorlib.com/theme/buildream/pricing.html]
[preview.colorlib.com/theme/buildream/blog.html]
[preview.colorlib.com/theme/buildream/contact.html]
[preview.colorlib.com/theme/buildream/images/bg_1.jpg]
[preview.colorlib.com/theme/buildream/images/about.jpg]
[preview.colorlib.com/theme/buildream/images/bg_4.jpg]
[preview.colorlib.com/theme/buildream/images/services.jpg]
[preview.colorlib.com/theme/buildream/images/bg_2.jpg]
[preview.colorlib.com/theme/buildream/images/staff-1.jpg]
[preview.colorlib.com/theme/buildream/images/staff-2.jpg]
[preview.colorlib.com/theme/buildream/images/staff-3.jpg]
[preview.colorlib.com/theme/buildream/images/staff-4.jpg]
[preview.colorlib.com/theme/buildream/images/work-1.jpg]
[preview.colorlib.com/theme/buildream/images/work-2.jpg]
[preview.colorlib.com/theme/buildream/images/work-3.jpg]
[preview.colorlib.com/theme/buildream/images/work-4.jpg]
[preview.colorlib.com/theme/buildream/images/work-5.jpg]
[preview.colorlib.com/theme/buildream/images/work-6.jpg]
[preview.colorlib.com/theme/buildream/images/person_1.jpg]
[preview.colorlib.com/theme/buildream/images/person_2.jpg]
[preview.colorlib.com/theme/buildream/images/person_3.jpg]
[preview.colorlib.com/theme/buildream/blog-single.html]
[preview.colorlib.com/theme/buildream/images/image_1.jpg]
[preview.colorlib.com/theme/buildream/images/image_2.jpg]
[preview.colorlib.com/theme/buildream/images/image_3.jpg]
[preview.colorlib.com/cdn-cgi/scripts/5c5dd728/cloudflare-static/email-decode.min.js]
[preview.colorlib.com/theme/buildream/js/bootstrap.bundle.min.js]
[preview.colorlib.com/theme/buildream/js/tiny-slider.js]
[preview.colorlib.com/theme/buildream/js/glightbox.min.js]
[preview.colorlib.com/theme/buildream/js/aos.js]
[preview.colorlib.com/theme/buildream/js/google-map.js]
[preview.colorlib.com/theme/buildream/js/main.js]
[preview.colorlib.com/theme/buildream/index.html]
[stackpath.bootstrapcdn.com/font-awesome/4.7.0/css/font-awesome.min.css]
[cdnjs.cloudflare.com/ajax/libs/ionicons/4.5.6/css/ionicons.min.css]
[preview.colorlib.com/theme/buildream/css/animate.css]
[preview.colorlib.com/theme/buildream/fonts/flaticon/font/Flaticon.eot]
[preview.colorlib.com/theme/buildream/fonts/flaticon/font/Flaticond41d.eot]
[preview.colorlib.com/theme/buildream/fonts/flaticon/font/Flaticon.woff]
[preview.colorlib.com/theme/buildream/fonts/flaticon/font/Flaticon.ttf]
[preview.colorlib.com/theme/buildream/css/flaticon.css]
[preview.colorlib.com/theme/buildream/css/tiny-slider.css]
[preview.colorlib.com/theme/buildream/css/glightbox.min.css]
[preview.colorlib.com/theme/buildream/css/aos.css]
[preview.colorlib.com/theme/buildream/css/style.css]
[preview.colorlib.com/theme/buildream/fonts/flaticon/font/Flaticon.svg]
[preview.colorlib.com/theme/buildream/images/bg_5.jpg]
[preview.colorlib.com/theme/buildream/about.html]
[preview.colorlib.com/theme/buildream/services.html]
[preview.colorlib.com/theme/buildream/images/work-7.jpg]
[preview.colorlib.com/theme/buildream/images/work-8.jpg]
[preview.colorlib.com/theme/buildream/images/work-9.jpg]
[preview.colorlib.com/theme/buildream/project.html]
[preview.colorlib.com/theme/buildream/pricing.html]
[preview.colorlib.com/theme/buildream/images/image_4.jpg]
[preview.colorlib.com/theme/buildream/images/image_5.jpg]
[preview.colorlib.com/theme/buildream/images/image_6.jpg]
[preview.colorlib.com/theme/buildream/blog.html]
[preview.colorlib.com/theme/buildream/contact.html]
[preview.colorlib.com/theme/buildream/blog-single.html]
[preview.colorlib.com/theme/buildream/fonts/flaticon/font/Flaticon.svg]
